Microchip MPLAB XC8 Compiler V2.05 ()

Linker command line:

-W-3 --edf=C:\Program Files (x86)\Microchip\xc8\v2.05\pic\dat\en_msgs.txt \
  -cs -h+dist/default/production\pro.X.production.sym \
  --cmf=dist/default/production\pro.X.production.cmf -z -w9 --disl=596:off \
  --norlf -Q18F4550 -oC:\Users\FUTURE~1\AppData\Local\Temp\s114.2 \
  --defsym=__MPLAB_BUILD=1 -Mdist/default/production/pro.X.production.map \
  -E1 -ver=XC8 --acfsm=1493 -ACODE=00h-07FFFh -ACONST=00h-07FFFh \
  -ASMALLCONST=0800h-08FFhx120 -AMEDIUMCONST=0800h-07FFFh -ACOMRAM=01h-05Fh \
  -AABS1=00h-07FFh -ABIGRAM=01h-07FFh -ARAM=060h-0FFh,0100h-01FFhx7 \
  -ABANK0=060h-0FFh -ABANK1=0100h-01FFh -ABANK2=0200h-02FFh \
  -ABANK3=0300h-03FFh -ABANK4=0400h-04FFh -ABANK5=0500h-05FFh \
  -ABANK6=0600h-06FFh -ABANK7=0700h-07FFh -ASFR=0F60h-0FFFh \
  -preset_vec=00h,intcode,intcodelo,powerup,init -pramtop=0800h \
  -psmallconst=SMALLCONST -pmediumconst=MEDIUMCONST -pconst=CONST \
  -AFARRAM=00h-00h -ACONFIG=0300000h-030000Dh -pconfig=CONFIG \
  -AIDLOC=0200000h-0200007h -pidloc=IDLOC -AEEDATA=0F00000h-0F000FFh \
  -peeprom_data=EEDATA \
  -prdata=COMRAM,nvrram=COMRAM,nvbit=COMRAM,rbss=COMRAM,rbit=COMRAM \
  -pfarbss=FARRAM,fardata=FARRAM,nvFARRAM=FARRAM \
  -pintsave_regs=BIGRAM,bigbss=BIGRAM,bigdata=BIGRAM -pbss=RAM \
  -pidata=CODE,irdata=CODE,ibigdata=CODE,ifardata=CODE \
  C:\Users\FUTURE~1\AppData\Local\Temp\s114.o \
  dist/default/production\pro.X.production.o 

Object code version is 3.11

Machine type is 18F4550

Call graph: (short form)




                Name                               Link     Load   Length Selector   Space Scale
C:\Users\FUTURE~1\AppData\Local\Temp\s114.o
                init                                  0        0        4        0       0
dist/default/production\pro.X.production.o
                smallconst                          800      800        A      400       0
                text5                               938      938       34      405       0
                text4                               85E      85E       54      405       0
                text3                               902      902       36      405       0
                text2                               80A      80A       54      405       0
                text1                               8B2      8B2       50      405       0
                text0                               96C      96C       1A      405       0
                cstackCOMRAM                          1        1        E        1       1
                cinit                               986      986        E      405       0

TOTAL           Name                               Link     Load   Length     Space
        CLASS   CODE           
                init                                  0        0        4         0
                text5                               938      938       34         0
                text4                               85E      85E       54         0
                text3                               902      902       36         0
                text2                               80A      80A       54         0
                text1                               8B2      8B2       50         0
                text0                               96C      96C       1A         0
                cinit                               986      986        E         0

        CLASS   CONST          

        CLASS   SMALLCONST     
                smallconst                          800      800        A         0

        CLASS   MEDIUMCONST    

        CLASS   COMRAM         
                cstackCOMRAM                          1        1        E         1

        CLASS   ABS1           

        CLASS   BIGRAM         

        CLASS   RAM            

        CLASS   BANK0          

        CLASS   BANK1          

        CLASS   BANK2          

        CLASS   BANK3          

        CLASS   BANK4          

        CLASS   BANK5          

        CLASS   BANK6          

        CLASS   BANK7          

        CLASS   SFR            

        CLASS   FARRAM         

        CLASS   CONFIG         

        CLASS   IDLOC          

        CLASS   EEDATA         

        CLASS   STACK          



SEGMENTS        Name                           Load    Length   Top    Selector   Space  Class

                reset_vec                      000000  000004  000004         0       0  CODE    
                cstackCOMRAM                   000001  00000E  00000F         1       1  COMRAM  
                smallconst                     000800  00000A  00080A       400       0  SMALLCON
                text2                          00080A  00018A  000994       405       0  CODE    


UNUSED ADDRESS RANGES

        Name                Unused          Largest block    Delta
        BANK0            0060-00FF             A0
        BANK1            0100-01FF            100
        BANK2            0200-02FF            100
        BANK3            0300-03FF            100
        BANK4            0400-04FF            100
        BANK5            0500-05FF            100
        BANK6            0600-06FF            100
        BANK7            0700-07FF            100
        BIGRAM           000F-07FF            7F1
        CODE             0004-07FF            7FC
                         0994-7FFF           766C
        COMRAM           000F-005F             51
        CONFIG           300000-30000D              E
        CONST            0004-07FF            7FC
                         0994-7FFF           766C
        EEDATA           F00000-F000FF            100
        IDLOC            200000-200007              8
        MEDIUMCONST      0994-7FFF           766C
        RAM              0060-07FF            100
        SFR              0F60-0FFF             A0
        SMALLCONST       0994-7FFF            100

                                  Symbol Table

_NOP                                      
__CFG_BOR$OFF            (abs)        0000
__CFG_BORV$3             (abs)        0000
__CFG_CCP2MX$ON          (abs)        0000
__CFG_CP0$OFF            (abs)        0000
__CFG_CP1$OFF            (abs)        0000
__CFG_CP2$OFF            (abs)        0000
__CFG_CP3$OFF            (abs)        0000
__CFG_CPB$OFF            (abs)        0000
__CFG_CPD$OFF            (abs)        0000
__CFG_CPUDIV$OSC1_PLL2   (abs)        0000
__CFG_EBTR0$OFF          (abs)        0000
__CFG_EBTR1$OFF          (abs)        0000
__CFG_EBTR2$OFF          (abs)        0000
__CFG_EBTR3$OFF          (abs)        0000
__CFG_EBTRB$OFF          (abs)        0000
__CFG_FCMEN$OFF          (abs)        0000
__CFG_FOSC$INTOSCIO_EC   (abs)        0000
__CFG_ICPRT$OFF          (abs)        0000
__CFG_IESO$OFF           (abs)        0000
__CFG_LPT1OSC$OFF        (abs)        0000
__CFG_LVP$ON             (abs)        0000
__CFG_MCLRE$ON           (abs)        0000
__CFG_PBADEN$OFF         (abs)        0000
__CFG_PLLDIV$1           (abs)        0000
__CFG_PWRT$OFF           (abs)        0000
__CFG_STVREN$ON          (abs)        0000
__CFG_USBDIV$1           (abs)        0000
__CFG_VREGEN$OFF         (abs)        0000
__CFG_WDT$OFF            (abs)        0000
__CFG_WDTPS$32768        (abs)        0000
__CFG_WRT0$OFF           (abs)        0000
__CFG_WRT1$OFF           (abs)        0000
__CFG_WRT2$OFF           (abs)        0000
__CFG_WRT3$OFF           (abs)        0000
__CFG_WRTB$OFF           (abs)        0000
__CFG_WRTC$OFF           (abs)        0000
__CFG_WRTD$OFF           (abs)        0000
__CFG_XINST$OFF          (abs)        0000
__HRAM                   (abs)        0000
__Habs1                  abs1         0000
__Hbank0                 bank0        0000
__Hbank1                 bank1        0000
__Hbank2                 bank2        0000
__Hbank3                 bank3        0000
__Hbank4                 bank4        0000
__Hbank5                 bank5        0000
__Hbank6                 bank6        0000
__Hbank7                 bank7        0000
__Hbigbss                bigbss       0000
__Hbigdata               bigdata      0000
__Hbigram                bigram       0000
__Hbss                   bss          0000
__Hcinit                 cinit        0000
__Hclrtext               clrtext      0000
__Hcomram                comram       0000
__Hconfig                config       0000
__Hconst                 const        0000
__HcstackCOMRAM          cstackCOMRAM 0000
__Hdata                  data         0000
__Heeprom_data           eeprom_data  0000
__Hfarbss                farbss       0000
__Hfardata               fardata      0000
__Hibigdata              ibigdata     0000
__Hidata                 idata        0000
__Hidloc                 idloc        0000
__Hifardata              ifardata     0000
__Hintcode               intcode      0000
__Hintcode_body          intcode_body 0000
__Hintcodelo             intcodelo    0000
__Hintentry              intentry     0000
__Hintret                intret       0000
__Hintsave_regs          intsave_regs 0000
__Hirdata                irdata       0000
__Hmediumconst           mediumconst  0000
__HnvFARRAM              nvFARRAM     0000
__Hnvbit                 nvbit        0000
__Hnvrram                nvrram       0000
__Hparam                 rparam       0000
__Hpowerup               powerup      0000
__Hram                   ram          0000
__Hrbit                  rbit         0000
__Hrbss                  rbss         0000
__Hrdata                 rdata        0000
__Hreset_vec             reset_vec    0000
__Hrparam                rparam       0000
__Hsfr                   sfr          0000
__Hspace_2               (abs)        0000
__Hstack                 stack        0000
__Hstruct                struct       0000
__Htemp                  temp         0000
__Htext                  text         0000
__Htext0                 text0        0000
__Htext1                 text1        0000
__Htext2                 text2        0000
__Htext3                 text3        0000
__Htext4                 text4        0000
__Htext5                 text5        0000
__Labs1                  abs1         0000
__Lbank0                 bank0        0000
__Lbank1                 bank1        0000
__Lbank2                 bank2        0000
__Lbank3                 bank3        0000
__Lbank4                 bank4        0000
__Lbank5                 bank5        0000
__Lbank6                 bank6        0000
__Lbank7                 bank7        0000
__Lbigbss                bigbss       0000
__Lbigdata               bigdata      0000
__Lbigram                bigram       0000
__Lbss                   bss          0000
__Lcinit                 cinit        0000
__Lclrtext               clrtext      0000
__Lcomram                comram       0000
__Lconfig                config       0000
__Lconst                 const        0000
__LcstackCOMRAM          cstackCOMRAM 0000
__Ldata                  data         0000
__Leeprom_data           eeprom_data  0000
__Lfarbss                farbss       0000
__Lfardata               fardata      0000
__Libigdata              ibigdata     0000
__Lidata                 idata        0000
__Lidloc                 idloc        0000
__Lifardata              ifardata     0000
__Linit                  init         0000
__Lintcode               intcode      0000
__Lintcode_body          intcode_body 0000
__Lintcodelo             intcodelo    0000
__Lintentry              intentry     0000
__Lintret                intret       0000
__Lintsave_regs          intsave_regs 0000
__Lirdata                irdata       0000
__Lmediumconst           mediumconst  0000
__LnvFARRAM              nvFARRAM     0000
__Lnvbit                 nvbit        0000
__Lnvrram                nvrram       0000
__Lparam                 rparam       0000
__Lpowerup               powerup      0000
__Lram                   ram          0000
__Lrbit                  rbit         0000
__Lrbss                  rbss         0000
__Lrdata                 rdata        0000
__Lreset_vec             reset_vec    0000
__Lrparam                rparam       0000
__Lsfr                   sfr          0000
__Lspace_0               (abs)        0000
__Lspace_1               (abs)        0000
__Lspace_2               (abs)        0000
__Lstack                 stack        0000
__Lstruct                struct       0000
__Ltemp                  temp         0000
__Ltext                  text         0000
__Ltext0                 text0        0000
__Ltext1                 text1        0000
__Ltext2                 text2        0000
__Ltext3                 text3        0000
__Ltext4                 text4        0000
__Ltext5                 text5        0000
___inthi_sp              stack        0000
___intlo_sp              stack        0000
___param_bank            (abs)        0000
___sp                    stack        0000
__mediumconst            mediumconst  0000
__size_of_MSdelay        (abs)        0000
__size_of__init_lcd      (abs)        0000
__size_of_main           (abs)        0000
__size_of_send_chr       (abs)        0000
__size_of_send_cmd       (abs)        0000
__size_of_send_string    (abs)        0000
intlevel0                text         0000
intlevel1                text         0000
intlevel2                text         0000
intlevel3                text         0000
stackhi                  (abs)        0000
stacklo                  (abs)        0000
start                    init         0000
MSdelay@val              cstackCOMRAM 0001
__LRAM                   (abs)        0001
___rparam_used           (abs)        0001
__activetblptr           (abs)        0001
__pcstackCOMRAM          cstackCOMRAM 0001
MSdelay@i                cstackCOMRAM 0003
__Hinit                  init         0004
MSdelay@j                cstackCOMRAM 0005
send_chr@copy            cstackCOMRAM 0008
send_cmd@copy            cstackCOMRAM 0008
send_chr@chr             cstackCOMRAM 0009
send_cmd@cmd             cstackCOMRAM 0009
send_string@col          cstackCOMRAM 000A
send_string@string       cstackCOMRAM 000B
send_string@row          cstackCOMRAM 000D
send_string@loc          cstackCOMRAM 000E
__Hspace_1               (abs)        000F
__S1                     (abs)        000F
__accesstop              (abs)        0060
__Hramtop                ramtop       0800
__Lramtop                ramtop       0800
__Lsmallconst            smallconst   0800
__psmallconst            smallconst   0800
__ramtop                 ramtop       0800
__smallconst             smallconst   0800
__Hsmallconst            smallconst   080A
__ptext2                 text2        080A
_send_chr                text2        080A
__end_of_send_chr        text2        085E
__ptext4                 text4        085E
_send_cmd                text4        085E
__end_of_send_cmd        text4        08B2
__ptext1                 text1        08B2
_send_string             text1        08B2
__end_of_send_string     text1        0902
__init_lcd               text3        0902
__ptext3                 text3        0902
_MSdelay                 text5        0938
__end_of__init_lcd       text3        0938
__ptext5                 text5        0938
__end_of_MSdelay         text5        096C
__ptext0                 text0        096C
_main                    text0        096C
__end_of__initialization cinit        0986
__end_of_main            text0        0986
__initialization         cinit        0986
__pcinit                 cinit        0986
__Hspace_0               (abs)        0994
__S0                     (abs)        0994
_LATD                    (abs)        0F8C
_TRISD                   (abs)        0F95
_LD4                     (abs)        7C64
_LD5                     (abs)        7C65
end_of_initialization    cinit        0986
start_initialization     cinit        0986
